 DTC	minimal.dtb
[32;01mReady to launch Linux kernel. Please be patient.[0m
failed to allocate TAP device: Operation not permitted
[    0.000000] Linux version 6.1.99 (jserv@node1) (riscv32-buildroot-linux-gnu-gcc.br_real (Buildroot 2024.02.4) 12.3.0, GNU ld (GNU Binutils) 2.41) #1 SMP Thu Jul 18 13:04:10 CST 2024
[    0.000000] Machine model: semu
[    0.000000] earlycon: ns16550 at MMIO 0xf4000000 (options '')
[    0.000000] printk: bootconsole [ns16550] enabled
[    0.000000] Zone ranges:
[    0.000000]   Normal   [mem 0x0000000000000000-0x000000001fffffff]
[    0.000000] Movable zone start for each node
[    0.000000] Early memory node ranges
[    0.000000]   node   0: [mem 0x0000000000000000-0x000000001fffffff]
[    0.000000] Initmem setup node 0 [mem 0x0000000000000000-0x000000001fffffff]
[    0.000000] SBI specification v2.0 detected
[    0.000000] SBI implementation ID=0x999 Version=0x1
[    0.000000] SBI TIME extension detected
[    0.000000] SBI IPI extension detected
[    0.000000] SBI RFENCE extension detected
[    0.000000] SBI SRST extension detected
[    0.000000] SBI HSM extension detected
[    0.000000] riscv: base ISA extensions aim
[    0.000000] riscv: ELF capabilities aim
[    0.000000] percpu: Embedded 10 pages/cpu s11604 r8192 d21164 u40960
[    0.000000] Built 1 zonelists, mobility grouping on.  Total pages: 130048
[    0.000000] Kernel command line: earlycon console=ttyS0
[    0.000000] printk: log_buf_len individual max cpu contribution: 4096 bytes
[    0.000000] printk: log_buf_len total cpu_extra contributions: 36864 bytes
[    0.000000] printk: log_buf_len min size: 65536 bytes
[    0.000000] printk: log_buf_len: 131072 bytes
[    0.000000] printk: early log buf free: 64136(97%)
[    0.000000] Dentry cache hash table entries: 65536 (order: 6, 262144 bytes, linear)
[    0.000000] Inode-cache hash table entries: 32768 (order: 5, 131072 bytes, linear)
[    0.000000] mem auto-init: stack:off, heap alloc:off, heap free:off
[    0.000000] Memory: 505528K/524288K available (3578K kernel code, 345K rwdata, 873K rodata, 185K init, 140K bss, 18760K reserved, 0K cma-reserved)
[    0.000000] SLUB: HWalign=64, Order=0-3, MinObjects=0, CPUs=10, Nodes=1
[    0.000000] rcu: Hierarchical RCU implementation.
[    0.000000] rcu: 	RCU restricting CPUs from NR_CPUS=32 to nr_cpu_ids=10.
[    0.000000] rcu: RCU calculated value of scheduler-enlistment delay is 25 jiffies.
[    0.000000] rcu: Adjusting geometry for rcu_fanout_leaf=16, nr_cpu_ids=10
[    0.000000] NR_IRQS: 64, nr_irqs: 64, preallocated irqs: 0
[    0.000000] riscv-intc: 32 local interrupts mapped
[    0.000000] plic: interrupt-controller@0: mapped 31 interrupts with 10 handlers for 10 contexts.
[    0.000000] rcu: srcu_init: Setting srcu_struct sizes based on contention.
[    0.000000] riscv-timer: riscv_timer_init_dt: Registering clocksource cpuid [0] hartid [0]
[    0.000000] clocksource: riscv_clocksource: mask: 0xffffffffffffffff max_cycles: 0xefdb196da, max_idle_ns: 440795204367 ns
[    0.000001] sched_clock: 64 bits at 65MHz, resolution 15ns, wraps every 2199023255550ns
[    0.000206] Console: colour dummy device 80x25
[    0.000250] Calibrating delay loop (skipped), value calculated using timer frequency.. 130.00 BogoMIPS (lpj=260000)
[    0.000289] pid_max: default: 32768 minimum: 301
[    0.000462] Mount-cache hash table entries: 1024 (order: 0, 4096 bytes, linear)
[    0.000494] Mountpoint-cache hash table entries: 1024 (order: 0, 4096 bytes, linear)
[    0.001492] ASID allocator disabled (0 bits)
[    0.001570] rcu: Hierarchical SRCU implementation.
[    0.001588] rcu: 	Max phase no-delay instances is 1000.
[    0.001974] smp: Bringing up secondary CPUs ...
[    0.005390] smp: Brought up 1 node, 10 CPUs
[    0.005970] devtmpfs: initialized
[    0.007755] clocksource: jiffies: mask: 0xffffffff max_cycles: 0xffffffff, max_idle_ns: 7645041785100000 ns
[    0.007809] futex hash table entries: 4096 (order: 6, 262144 bytes, linear)
[    0.009108] NET: Registered PF_NETLINK/PF_ROUTE protocol family
[    0.010717] platform soc@F0000000: Fixed dependency cycle(s) with /soc@F0000000/interrupt-controller@0
[    0.018461] clocksource: Switched to clocksource riscv_clocksource
[    0.027102] NET: Registered PF_INET protocol family
[    0.027386] IP idents hash table entries: 8192 (order: 4, 65536 bytes, linear)
[    0.030166] tcp_listen_portaddr_hash hash table entries: 512 (order: 0, 4096 bytes, linear)
[    0.030220] Table-perturb hash table entries: 65536 (order: 6, 262144 bytes, linear)
[    0.030262] TCP established hash table entries: 4096 (order: 2, 16384 bytes, linear)
[    0.030377] TCP bind hash table entries: 4096 (order: 4, 65536 bytes, linear)
[    0.030557] TCP: Hash tables configured (established 4096 bind 4096)
[    0.030665] UDP hash table entries: 256 (order: 1, 8192 bytes, linear)
[    0.030714] UDP-Lite hash table entries: 256 (order: 1, 8192 bytes, linear)
[    0.030913] NET: Registered PF_UNIX/PF_LOCAL protocol family
[    0.031487] Unpacking initramfs...
[    0.039368] workingset: timestamp_bits=30 max_order=17 bucket_order=0
[    0.099411] Serial: 8250/16550 driver, 4 ports, IRQ sharing disabled
[    0.100734] printk: console [ttyS0] disabled
[    0.100780] f4000000.serial: ttyS0 at MMIO 0xf4000000 (irq = 1, base_baud = 312500) is a 16550
[    0.100838] printk: console [ttyS0] enabled
[    0.100838] printk: console [ttyS0] enabled
[    0.100882] printk: bootconsole [ns16550] disabled
[    0.100882] printk: bootconsole [ns16550] disabled
[    0.101747] virtio_blk virtio1: 1/0/0 default/read/poll queues
[    0.102519] virtio_blk virtio1: [vda] 4800 512-byte logical blocks (2.46 MB/2.34 MiB)
[    0.103344] virtio_net virtio0: Assigned random MAC address 7a:06:4c:18:d2:19
[    0.104958] clk: Disabling unused clocks
[    0.357291] Freeing initrd memory: 8188K
[    0.357833] Freeing unused kernel image (initmem) memory: 180K
[    0.357874] Kernel memory protection not selected by kernel config.
[    0.357916] Run /init as init process
[1;31m[SEMU LOG]: Use clock_gettime[0m
[1;31m[SEMU LOG]: Real boot time: 392.69414 seconds, called 1964174666 times semu_timer_clocksource[0m
[1;31m[SEMU LOG]: ns_per_call = 7.30769, predict_sec = 146.15384, scale_factor = 0.06842[0m
[1;31m[SEMU LOG]: test_total_clocksource_ns = 59945043175, real_total_clocksource_ns = 31237877034, percentage = 0.07955[0m
[1;31m[SEMU LOG]: real_ns_per_call = 15.90382, diff_ns_per_call = 8.59613[0m
