 DTC	minimal.dtb
[32;01mReady to launch Linux kernel. Please be patient.[0m
failed to allocate TAP device: Operation not permitted
[    0.000000] Linux version 6.1.99 (jserv@node1) (riscv32-buildroot-linux-gnu-gcc.br_real (Buildroot 2024.02.4) 12.3.0, GNU ld (GNU Binutils) 2.41) #1 SMP Thu Jul 18 13:04:10 CST 2024
[    0.000000] Machine model: semu
[    0.000000] earlycon: ns16550 at MMIO 0xf4000000 (options '')
[    0.000000] printk: bootconsole [ns16550] enabled
[    0.000000] Zone ranges:
[    0.000000]   Normal   [mem 0x0000000000000000-0x000000001fffffff]
[    0.000000] Movable zone start for each node
[    0.000000] Early memory node ranges
[    0.000000]   node   0: [mem 0x0000000000000000-0x000000001fffffff]
[    0.000000] Initmem setup node 0 [mem 0x0000000000000000-0x000000001fffffff]
[    0.000000] SBI specification v2.0 detected
[    0.000000] SBI implementation ID=0x999 Version=0x1
[    0.000000] SBI TIME extension detected
[    0.000000] SBI IPI extension detected
[    0.000000] SBI RFENCE extension detected
[    0.000000] SBI SRST extension detected
[    0.000000] SBI HSM extension detected
[    0.000000] riscv: base ISA extensions aim
[    0.000000] riscv: ELF capabilities aim
[    0.000000] percpu: Embedded 10 pages/cpu s11604 r8192 d21164 u40960
[    0.000000] Built 1 zonelists, mobility grouping on.  Total pages: 130048
[    0.000000] Kernel command line: earlycon console=ttyS0
[    0.000000] Dentry cache hash table entries: 65536 (order: 6, 262144 bytes, linear)
[    0.000000] Inode-cache hash table entries: 32768 (order: 5, 131072 bytes, linear)
[    0.000000] mem auto-init: stack:off, heap alloc:off, heap free:off
[    0.000000] Memory: 506104K/524288K available (3578K kernel code, 345K rwdata, 873K rodata, 185K init, 140K bss, 18184K reserved, 0K cma-reserved)
[    0.000000] SLUB: HWalign=64, Order=0-3, MinObjects=0, CPUs=9, Nodes=1
[    0.000000] rcu: Hierarchical RCU implementation.
[    0.000000] rcu: 	RCU restricting CPUs from NR_CPUS=32 to nr_cpu_ids=9.
[    0.000000] rcu: RCU calculated value of scheduler-enlistment delay is 25 jiffies.
[    0.000000] rcu: Adjusting geometry for rcu_fanout_leaf=16, nr_cpu_ids=9
[    0.000000] NR_IRQS: 64, nr_irqs: 64, preallocated irqs: 0
[    0.000000] riscv-intc: 32 local interrupts mapped
[    0.000000] plic: interrupt-controller@0: mapped 31 interrupts with 9 handlers for 9 contexts.
[    0.000000] rcu: srcu_init: Setting srcu_struct sizes based on contention.
[    0.000000] riscv-timer: riscv_timer_init_dt: Registering clocksource cpuid [0] hartid [0]
[    0.000000] clocksource: riscv_clocksource: mask: 0xffffffffffffffff max_cycles: 0xefdb196da, max_idle_ns: 440795204367 ns
[    0.000001] sched_clock: 64 bits at 65MHz, resolution 15ns, wraps every 2199023255550ns
[    0.000294] Console: colour dummy device 80x25
[    0.000359] Calibrating delay loop (skipped), value calculated using timer frequency.. 130.00 BogoMIPS (lpj=260000)
[    0.000415] pid_max: default: 32768 minimum: 301
[    0.000666] Mount-cache hash table entries: 1024 (order: 0, 4096 bytes, linear)
[    0.000713] Mountpoint-cache hash table entries: 1024 (order: 0, 4096 bytes, linear)
[    0.002183] ASID allocator disabled (0 bits)
[    0.002297] rcu: Hierarchical SRCU implementation.
[    0.002323] rcu: 	Max phase no-delay instances is 1000.
[    0.002863] smp: Bringing up secondary CPUs ...
[    0.007040] smp: Brought up 1 node, 9 CPUs
[    0.007782] devtmpfs: initialized
[    0.010105] clocksource: jiffies: mask: 0xffffffff max_cycles: 0xffffffff, max_idle_ns: 7645041785100000 ns
[    0.010170] futex hash table entries: 4096 (order: 6, 262144 bytes, linear)
[    0.011897] NET: Registered PF_NETLINK/PF_ROUTE protocol family
[    0.013939] platform soc@F0000000: Fixed dependency cycle(s) with /soc@F0000000/interrupt-controller@0
[    0.024367] clocksource: Switched to clocksource riscv_clocksource
[    0.036108] NET: Registered PF_INET protocol family
[    0.036510] IP idents hash table entries: 8192 (order: 4, 65536 bytes, linear)
[    0.040286] tcp_listen_portaddr_hash hash table entries: 512 (order: 0, 4096 bytes, linear)
[    0.040373] Table-perturb hash table entries: 65536 (order: 6, 262144 bytes, linear)
[    0.040430] TCP established hash table entries: 4096 (order: 2, 16384 bytes, linear)
[    0.040586] TCP bind hash table entries: 4096 (order: 4, 65536 bytes, linear)
[    0.040815] TCP: Hash tables configured (established 4096 bind 4096)
[    0.040954] UDP hash table entries: 256 (order: 1, 8192 bytes, linear)
[    0.041020] UDP-Lite hash table entries: 256 (order: 1, 8192 bytes, linear)
[    0.041270] NET: Registered PF_UNIX/PF_LOCAL protocol family
[    0.042033] Unpacking initramfs...
[    0.045699] workingset: timestamp_bits=30 max_order=17 bucket_order=0
[    0.127148] Serial: 8250/16550 driver, 4 ports, IRQ sharing disabled
[    0.128950] printk: console [ttyS0] disabled
[    0.129012] f4000000.serial: ttyS0 at MMIO 0xf4000000 (irq = 1, base_baud = 312500) is a 16550
[    0.129091] printk: console [ttyS0] enabled
[    0.129091] printk: console [ttyS0] enabled
[    0.129151] printk: bootconsole [ns16550] disabled
[    0.129151] printk: bootconsole [ns16550] disabled
[    0.456538] Freeing initrd memory: 8188K
[    0.456657] virtio_blk virtio1: 1/0/0 default/read/poll queues
[    0.457651] virtio_blk virtio1: [vda] 4800 512-byte logical blocks (2.46 MB/2.34 MiB)
[    0.458740] virtio_net virtio0: Assigned random MAC address 5e:05:ec:a5:98:cd
[    0.460749] clk: Disabling unused clocks
[    0.461514] Freeing unused kernel image (initmem) memory: 180K
[    0.461564] Kernel memory protection not selected by kernel config.
[    0.461617] Run /init as init process
[1;31m[SEMU LOG]: Use clock_gettime[0m
[1;31m[SEMU LOG]: Real boot time: 516.30432 seconds, called 1774731469 times semu_timer_clocksource[0m
[1;31m[SEMU LOG]: ns_per_call = 33.29587, predict_sec = 599.32569, scale_factor = 0.01669[0m
[1;31m[SEMU LOG]: test_total_clocksource_ns = 132311942106, real_total_clocksource_ns = 14129479600, percentage = 0.02737[0m
[1;31m[SEMU LOG]: real_ns_per_call = 7.96147, diff_ns_per_call = -25.33440[0m
