 DTC	minimal.dtb
[32;01mReady to launch Linux kernel. Please be patient.[0m
@./semu -k Image -c 21 -b minimal.dtb -i rootfs.cpio -n tap -d ext4.img
[    0.000000] Linux version 6.1.99 (jserv@node1) (riscv32-buildroot-linux-gnu-gcc.br_real (Buildroot 2024.02.4) 12.3.0, GNU ld (GNU Binutils) 2.41) #1 SMP Thu Jul 18 13:04:10 CST 2024
[    0.000000] Machine model: semu
[    0.000000] earlycon: ns16550 at MMIO 0xf4000000 (options '')
[    0.000000] printk: bootconsole [ns16550] enabled
[    0.000000] Zone ranges:
[    0.000000]   Normal   [mem 0x0000000000000000-0x000000001fffffff]
[    0.000000] Movable zone start for each node
[    0.000000] Early memory node ranges
[    0.000000]   node   0: [mem 0x0000000000000000-0x000000001fffffff]
[    0.000000] Initmem setup node 0 [mem 0x0000000000000000-0x000000001fffffff]
[    0.000000] SBI specification v2.0 detected
[    0.000000] SBI implementation ID=0x999 Version=0x1
[    0.000000] SBI TIME extension detected
[    0.000000] SBI IPI extension detected
[    0.000000] SBI RFENCE extension detected
[    0.000000] SBI SRST extension detected
[    0.000000] SBI HSM extension detected
[    0.000000] riscv: base ISA extensions aim
[    0.000000] riscv: ELF capabilities aim
[    0.000000] percpu: Embedded 10 pages/cpu s11604 r8192 d21164 u40960
[    0.000000] Built 1 zonelists, mobility grouping on.  Total pages: 130048
[    0.000000] Kernel command line: earlycon console=ttyS0
[    0.000000] printk: log_buf_len individual max cpu contribution: 4096 bytes
[    0.000000] printk: log_buf_len total cpu_extra contributions: 81920 bytes
[    0.000000] printk: log_buf_len min size: 65536 bytes
[    0.000000] printk: log_buf_len: 262144 bytes
[    0.000000] printk: early log buf free: 64044(97%)
[    0.000000] Dentry cache hash table entries: 65536 (order: 6, 262144 bytes, linear)
[    0.000000] Inode-cache hash table entries: 32768 (order: 5, 131072 bytes, linear)
[    0.000000] mem auto-init: stack:off, heap alloc:off, heap free:off
[    0.000000] Memory: 504552K/524288K available (3578K kernel code, 345K rwdata, 873K rodata, 185K init, 140K bss, 19736K reserved, 0K cma-reserved)
[    0.000000] SLUB: HWalign=64, Order=0-3, MinObjects=0, CPUs=21, Nodes=1
[    0.000000] rcu: Hierarchical RCU implementation.
[    0.000000] rcu: 	RCU restricting CPUs from NR_CPUS=32 to nr_cpu_ids=21.
[    0.000000] rcu: RCU calculated value of scheduler-enlistment delay is 25 jiffies.
[    0.000000] rcu: Adjusting geometry for rcu_fanout_leaf=16, nr_cpu_ids=21
[    0.000000] NR_IRQS: 64, nr_irqs: 64, preallocated irqs: 0
[    0.000000] riscv-intc: 32 local interrupts mapped
[    0.000000] plic: interrupt-controller@0: mapped 31 interrupts with 21 handlers for 21 contexts.
[    0.000000] rcu: srcu_init: Setting srcu_struct sizes based on contention.
[    0.000000] riscv-timer: riscv_timer_init_dt: Registering clocksource cpuid [0] hartid [0]
[    0.000000] clocksource: riscv_clocksource: mask: 0xffffffffffffffff max_cycles: 0xefdb196da, max_idle_ns: 440795204367 ns
[    0.000001] sched_clock: 64 bits at 65MHz, resolution 15ns, wraps every 2199023255550ns
[    0.000749] Console: colour dummy device 80x25
[    0.000900] Calibrating delay loop (skipped), value calculated using timer frequency.. 130.00 BogoMIPS (lpj=260000)
[    0.001013] pid_max: default: 32768 minimum: 301
[    0.001581] Mount-cache hash table entries: 1024 (order: 0, 4096 bytes, linear)
[    0.001671] Mountpoint-cache hash table entries: 1024 (order: 0, 4096 bytes, linear)
[    0.004588] ASID allocator disabled (0 bits)
[    0.004798] rcu: Hierarchical SRCU implementation.
[    0.004848] rcu: 	Max phase no-delay instances is 1000.
[    0.006563] smp: Bringing up secondary CPUs ...
[    0.026849] smp: Brought up 1 node, 21 CPUs
[    0.029131] devtmpfs: initialized
[    0.035421] clocksource: jiffies: mask: 0xffffffff max_cycles: 0xffffffff, max_idle_ns: 7645041785100000 ns
[    0.035544] futex hash table entries: 8192 (order: 7, 524288 bytes, linear)
[    0.038791] NET: Registered PF_NETLINK/PF_ROUTE protocol family
[    0.045630] platform soc@F0000000: Fixed dependency cycle(s) with /soc@F0000000/interrupt-controller@0
[    0.066553] clocksource: Switched to clocksource riscv_clocksource
[    0.087072] NET: Registered PF_INET protocol family
[    0.087744] IP idents hash table entries: 8192 (order: 4, 65536 bytes, linear)
[    0.094330] tcp_listen_portaddr_hash hash table entries: 512 (order: 0, 4096 bytes, linear)
[    0.094462] Table-perturb hash table entries: 65536 (order: 6, 262144 bytes, linear)
[    0.094588] TCP established hash table entries: 4096 (order: 2, 16384 bytes, linear)
[    0.094873] TCP bind hash table entries: 4096 (order: 4, 65536 bytes, linear)
[    0.095269] TCP: Hash tables configured (established 4096 bind 4096)
[    0.095645] UDP hash table entries: 256 (order: 1, 8192 bytes, linear)
[    0.095763] UDP-Lite hash table entries: 256 (order: 1, 8192 bytes, linear)
[    0.096310] NET: Registered PF_UNIX/PF_LOCAL protocol family
[    0.097758] Unpacking initramfs...
[    0.114112] workingset: timestamp_bits=30 max_order=17 bucket_order=0
[    0.254999] Serial: 8250/16550 driver, 4 ports, IRQ sharing disabled
[    0.258179] printk: console [ttyS0] disabled
[    0.258292] f4000000.serial: ttyS0 at MMIO 0xf4000000 (irq = 1, base_baud = 312500) is a 16550
[    0.258442] printk: console [ttyS0] enabled
[    0.258442] printk: console [ttyS0] enabled
[    0.258579] printk: bootconsole [ns16550] disabled
[    0.258579] printk: bootconsole [ns16550] disabled
[    0.261977] virtio_blk virtio0: 1/0/0 default/read/poll queues
[    0.264625] virtio_blk virtio0: [vda] 4800 512-byte logical blocks (2.46 MB/2.34 MiB)
[    0.268510] clk: Disabling unused clocks
[    0.813963] Freeing initrd memory: 8188K
[    0.815261] Freeing unused kernel image (initmem) memory: 180K
[    0.815351] Kernel memory protection not selected by kernel config.
[    0.815449] Run /init as init process
[1;31m[SEMU LOG]: Use mach_absolute_time[0m
[1;31m[SEMU LOG]: Real boot time: 923.37631 seconds, called 4320818429 times semu_timer_clocksource[0m
[1;31m[SEMU LOG]: ns_per_call = 4.97227, predict_sec = 208.83552, scale_factor = 0.04788[0m
[1;31m[SEMU LOG]: test_total_clocksource_ns = 154764717654, real_total_clocksource_ns = 111796128330, percentage = 0.12107[0m
[1;31m[SEMU LOG]: real_ns_per_call = 25.87383, diff_ns_per_call = 20.90156[0m
