  CC	utils.o
  LD	semu
 DTC	minimal.dtb
[32;01mReady to launch Linux kernel. Please be patient.[0m
failed to allocate TAP device: Operation not permitted
[    0.000000] Linux version 6.1.99 (jserv@node1) (riscv32-buildroot-linux-gnu-gcc.br_real (Buildroot 2024.02.4) 12.3.0, GNU ld (GNU Binutils) 2.41) #1 SMP Thu Jul 18 13:04:10 CST 2024
[    0.000000] Machine model: semu
[    0.000000] earlycon: ns16550 at MMIO 0xf4000000 (options '')
[    0.000000] printk: bootconsole [ns16550] enabled
[    0.000000] Zone ranges:
[    0.000000]   Normal   [mem 0x0000000000000000-0x000000001fffffff]
[    0.000000] Movable zone start for each node
[    0.000000] Early memory node ranges
[    0.000000]   node   0: [mem 0x0000000000000000-0x000000001fffffff]
[    0.000000] Initmem setup node 0 [mem 0x0000000000000000-0x000000001fffffff]
[    0.000000] SBI specification v2.0 detected
[    0.000000] SBI implementation ID=0x999 Version=0x1
[    0.000000] SBI TIME extension detected
[    0.000000] SBI IPI extension detected
[    0.000000] SBI RFENCE extension detected
[    0.000000] SBI SRST extension detected
[    0.000000] SBI HSM extension detected
[    0.000000] riscv: base ISA extensions aim
[    0.000000] riscv: ELF capabilities aim
[    0.000000] percpu: Embedded 10 pages/cpu s11604 r8192 d21164 u40960
[    0.000000] Built 1 zonelists, mobility grouping on.  Total pages: 130048
[    0.000000] Kernel command line: earlycon console=ttyS0
[    0.000000] Dentry cache hash table entries: 65536 (order: 6, 262144 bytes, linear)
[    0.000000] Inode-cache hash table entries: 32768 (order: 5, 131072 bytes, linear)
[    0.000000] mem auto-init: stack:off, heap alloc:off, heap free:off
[    0.000000] Memory: 506428K/524288K available (3578K kernel code, 345K rwdata, 873K rodata, 185K init, 140K bss, 17860K reserved, 0K cma-reserved)
[    0.000000] SLUB: HWalign=64, Order=0-3, MinObjects=0, CPUs=1, Nodes=1
[    0.000000] rcu: Hierarchical RCU implementation.
[    0.000000] rcu: 	RCU restricting CPUs from NR_CPUS=32 to nr_cpu_ids=1.
[    0.000000] rcu: RCU calculated value of scheduler-enlistment delay is 25 jiffies.
[    0.000000] rcu: Adjusting geometry for rcu_fanout_leaf=16, nr_cpu_ids=1
[    0.000000] NR_IRQS: 64, nr_irqs: 64, preallocated irqs: 0
[    0.000000] riscv-intc: 32 local interrupts mapped
[    0.000000] plic: interrupt-controller@0: mapped 31 interrupts with 1 handlers for 1 contexts.
[    0.000000] rcu: srcu_init: Setting srcu_struct sizes based on contention.
[    0.000000] riscv-timer: riscv_timer_init_dt: Registering clocksource cpuid [0] hartid [0]
[    0.000000] clocksource: riscv_clocksource: mask: 0xffffffffffffffff max_cycles: 0xefdb196da, max_idle_ns: 440795204367 ns
[    0.000000] sched_clock: 64 bits at 65MHz, resolution 15ns, wraps every 2199023255550ns
[    0.000029] Console: colour dummy device 80x25
[    0.000036] Calibrating delay loop (skipped), value calculated using timer frequency.. 130.00 BogoMIPS (lpj=260000)
[    0.000044] pid_max: default: 32768 minimum: 301
[    0.000073] Mount-cache hash table entries: 1024 (order: 0, 4096 bytes, linear)
[    0.000080] Mountpoint-cache hash table entries: 1024 (order: 0, 4096 bytes, linear)
[    0.000261] ASID allocator disabled (0 bits)
[    0.000276] rcu: Hierarchical SRCU implementation.
[    0.000280] rcu: 	Max phase no-delay instances is 1000.
[    0.000318] smp: Bringing up secondary CPUs ...
[    0.000322] smp: Brought up 1 node, 1 CPU
[    0.000375] devtmpfs: initialized
[    0.000541] clocksource: jiffies: mask: 0xffffffff max_cycles: 0xffffffff, max_idle_ns: 7645041785100000 ns
[    0.000549] futex hash table entries: 256 (order: 2, 16384 bytes, linear)
[    0.000740] NET: Registered PF_NETLINK/PF_ROUTE protocol family
[    0.000883] platform soc@F0000000: Fixed dependency cycle(s) with /soc@F0000000/interrupt-controller@0
[    0.002002] clocksource: Switched to clocksource riscv_clocksource
[    0.003391] NET: Registered PF_INET protocol family
[    0.003437] IP idents hash table entries: 8192 (order: 4, 65536 bytes, linear)
[    0.003878] tcp_listen_portaddr_hash hash table entries: 512 (order: 0, 4096 bytes, linear)
[    0.003887] Table-perturb hash table entries: 65536 (order: 6, 262144 bytes, linear)
[    0.003894] TCP established hash table entries: 4096 (order: 2, 16384 bytes, linear)
[    0.003912] TCP bind hash table entries: 4096 (order: 4, 65536 bytes, linear)
[    0.003940] TCP: Hash tables configured (established 4096 bind 4096)
[    0.003952] UDP hash table entries: 256 (order: 1, 8192 bytes, linear)
[    0.003961] UDP-Lite hash table entries: 256 (order: 1, 8192 bytes, linear)
[    0.003986] NET: Registered PF_UNIX/PF_LOCAL protocol family
[    0.004124] Unpacking initramfs...
[    0.052881] Freeing initrd memory: 8188K
[    0.052916] workingset: timestamp_bits=30 max_order=17 bucket_order=0
[    0.062495] Serial: 8250/16550 driver, 4 ports, IRQ sharing disabled
[    0.062708] printk: console [ttyS0] disabled
[    0.062716] f4000000.serial: ttyS0 at MMIO 0xf4000000 (irq = 1, base_baud = 312500) is a 16550
[    0.062726] printk: console [ttyS0] enabled
[    0.062726] printk: console [ttyS0] enabled
[    0.062733] printk: bootconsole [ns16550] disabled
[    0.062733] printk: bootconsole [ns16550] disabled
[    0.062799] virtio_blk virtio1: 1/0/0 default/read/poll queues
[    0.062872] virtio_blk virtio1: [vda] 4800 512-byte logical blocks (2.46 MB/2.34 MiB)
[    0.062987] virtio_net virtio0: Assigned random MAC address 2e:81:50:00:45:b7
[    0.063227] clk: Disabling unused clocks
[    0.063313] Freeing unused kernel image (initmem) memory: 180K
[    0.063319] Kernel memory protection not selected by kernel config.
[    0.063325] Run /init as init process
[1;31m[SEMU LOG]: Use clock_gettime[0m
[1;31m[SEMU LOG]: Real boot time: 73.18969 seconds, called 220711519 times semu_timer_clocksource[0m
[1;31m[SEMU LOG]: ns_per_call = 20.10786, predict_sec = 40.21572, scale_factor = 0.24866[0m
[1;31m[SEMU LOG]: test_total_clocksource_ns = 14242118578, real_total_clocksource_ns = 5366045264, percentage = 0.07332[0m
[1;31m[SEMU LOG]: real_ns_per_call = 24.31248, diff_ns_per_call = 4.20462[0m
